[
  {
    "Image1": "gcr.io/gcp-runtimes/container-diff-tests/diff-layer-base",
    "Image2": "gcr.io/gcp-runtimes/container-diff-tests/diff-layer-modified",
    "DiffType": "FileLayer",
    "Diff": {
      "DirDiffs": [
        {
          "Adds": null,
          "Dels": null,
          "Mods": null
        },
        {
          "Adds": null,
          "Dels": null,
          "Mods": null
        },
        {
          "Adds": null,
          "Dels": null,
          "Mods": null
        },
        {
          "Adds": null,
          "Dels": null,
          "Mods": null
        },
        {
          "Adds": [
            {
              "Name": "/modified",
              "Size": 9
            },
            {
              "Name": "/modified/.wh..wh..opq",
              "Size": 0
            },
            {
              "Name": "/modified/modified.txt",
              "Size": 9
            }
          ],
          "Dels": [
            {
              "Name": "/second",
              "Size": 7
            },
            {
              "Name": "/second/.wh..wh..opq",
              "Size": 0
            },
            {
              "Name": "/second/second.txt",
              "Size": 7
            }
          ],
          "Mods": null
        }
      ]
    }
  }
]