[
  {
    "Image1": "gcr.io/gcp-runtimes/container-diff-tests/diff-base",
    "Image2": "gcr.io/gcp-runtimes/container-diff-tests/diff-modified",
    "DiffType": "History",
    "Diff": {
      "Adds": [
        "/bin/sh -c rm -rf /second \u0026\u0026 mkdir /modified \u0026\u0026 echo \"Modified\" \u003e /modified/modified.txt",
        "/bin/sh -c yum -q -y install gcc"
      ],
      "Dels": []
    }
  }
]