[
  {
    "Image1": "gcr.io/gcp-runtimes/container-diff-tests/node-modified:2.0",
    "Image2": "gcr.io/gcp-runtimes/container-diff-tests/node-modified",
    "DiffType": "Node",
    "Diff": {
      "Packages1": [],
      "Packages2": [
        {
          "Name": "pax",
          "Path": "/node_modules/pax/",
          "Version": "0.2.1",
          "Size": 11365
        }
      ],
      "InfoDiff": []
    }
  }
]