[
  {
    "Image": "gcr.io/gcp-runtimes/pip-modified",
    "AnalyzeType": "Pip",
    "Analysis": [
      {
        "Name": "argparse",
        "Path": "/usr/lib/python2.7",
        "Version": "1.2.1",
        "Size": 89124
      },
      {
        "Name": "bzr",
        "Path": "/usr/lib/python2.7/dist-packages",
        "Version": "2.7.0dev1",
        "Size": 13063022
      },
      {
        "Name": "configobj",
        "Path": "/usr/lib/python2.7/dist-packages",
        "Version": "5.0.6",
        "Size": 136871
      },
      {
        "Name": "mercurial",
        "Path": "/usr/lib/python2.7/dist-packages",
        "Version": "3.1.2",
        "Size": 4073713
      },
      {
        "Name": "mock",
        "Path": "/usr/local/lib/python3.6/site-packages",
        "Version": "2.0.0",
        "Size": 504226
      },
      {
        "Name": "pbr",
        "Path": "/usr/local/lib/python3.6/site-packages",
        "Version": "3.1.1",
        "Size": 447110
      },
      {
        "Name": "pip",
        "Path": "/usr/local/lib/python3.6/site-packages",
        "Version": "9.0.1",
        "Size": 5289421
      },
      {
        "Name": "setuptools",
        "Path": "/usr/local/lib/python3.6/site-packages",
        "Version": "36.0.1",
        "Size": 1282800
      },
      {
        "Name": "six",
        "Path": "/usr/local/lib/python3.6/site-packages",
        "Version": "1.10.0",
        "Size": 30098
      },
      {
        "Name": "six",
        "Path": "/usr/lib/python2.7/dist-packages",
        "Version": "1.8.0",
        "Size": 27344
      },
      {
        "Name": "wheel",
        "Path": "/usr/local/lib/python3.6/site-packages",
        "Version": "0.29.0",
        "Size": 103509
      },
      {
        "Name": "wsgiref",
        "Path": "/usr/lib/python2.7",
        "Version": "0.1.2",
        "Size": 101007
      }
    ]
  }
]
