[
  {
    "Image1": "gcr.io/gcp-runtimes/container-diff-tests/diff-base:latest",
    "Image2": "gcr.io/gcp-runtimes/container-diff-tests/diff-modified:latest",
    "DiffType": "RPM",
    "Diff": {
      "Packages1": [],
      "Packages2": [
        {
          "Name": "binutils",
          "Version": "2.27-34.base.el7",
          "Size": 25150000
        },
        {
          "Name": "cpp",
          "Version": "4.8.5-36.el7_6.2",
          "Size": 15636661
        },
        {
          "Name": "gcc",
          "Version": "4.8.5-36.el7_6.2",
          "Size": 39230745
        },
        {
          "Name": "glibc-devel",
          "Version": "2.17-260.el7_6.6",
          "Size": 1066078
        },
        {
          "Name": "glibc-headers",
          "Version": "2.17-260.el7_6.6",
          "Size": 2338328
        },
        {
          "Name": "kernel-headers",
          "Version": "3.10.0-957.27.2.el7",
          "Size": 3824341
        },
        {
          "Name": "libgomp",
          "Version": "4.8.5-36.el7_6.2",
          "Size": 212184
        },
        {
          "Name": "libmpc",
          "Version": "1.0.1-3.el7",
          "Size": 113833
        },
        {
          "Name": "mpfr",
          "Version": "3.1.1-4.el7",
          "Size": 554279
        }
      ],
      "InfoDiff": []
    }
  }
]