[
  {
    "Image1": "gcr.io/gcp-runtimes/container-diff-tests/diff-layer-base",
    "Image2": "gcr.io/gcp-runtimes/container-diff-tests/diff-layer-modified",
    "DiffType": "SizeLayer",
    "Diff": [
      {
        "Name": "4",
        "Size1": 7,
        "Size2": 9
      },
      {
        "Name": "5",
        "Size1": 6,
        "Size2": -1
      }
    ]
  }
]