[
  {
    "Image": "gcr.io/gcp-runtimes/container-diff-tests/diff-base",
    "AnalyzeType": "Size",
    "Analysis": [
      {
        "Name": "gcr.io/gcp-runtimes/container-diff-tests/diff-base",
        "Digest": "sha256:b48cce984ba2ddfbc56e1b44cfe3080145ab8c432309cab7010cb6ea725b7e0e",
        "Size": 295151156
      }
    ]
  }
]